
[INIT] Starting LeakSense Twin API...
  [OK] Digital twins loaded
  [OK] Energy field detector loaded
  [OK] Neural networks loaded
  [OK] Ensemble loaded
  [OK] All models loaded successfully!
[READY] LeakSense Twin API ready!

INFO:     127.0.0.1:56229 - "GET /api/health HTTP/1.1" 200 OK
INFO:     127.0.0.1:58460 - "GET /api/history?limit=50 HTTP/1.1" 200 OK
INFO:     127.0.0.1:58460 - "GET /api/history?limit=50 HTTP/1.1" 200 OK
  Demo WebSocket connected
INFO:     127.0.0.1:56948 - "OPTIONS /api/simulate HTTP/1.1" 200 OK
INFO:     127.0.0.1:56948 - "POST /api/simulate HTTP/1.1" 200 OK
INFO:     127.0.0.1:64132 - "POST /api/simulate HTTP/1.1" 200 OK
INFO:     127.0.0.1:64912 - "OPTIONS /api/dax/query HTTP/1.1" 200 OK
INFO:     127.0.0.1:64912 - "POST /api/dax/query HTTP/1.1" 200 OK
INFO:     127.0.0.1:64912 - "POST /api/dax/query HTTP/1.1" 200 OK
INFO:     127.0.0.1:63970 - "GET /api/health HTTP/1.1" 200 OK
